**********************
Windows PowerShell transcript start
Start time: 20260920181927
Username: BETTERWITHAGE\steph
RunAs User: BETTERWITHAGE\steph
Configuration Name: 
Machine: BETTERWITHAGE (Microsoft Windows NT 10.0.26200.0)
Host Application: C:\Windows\System32\WindowsPowerShell\v1.0\powershell.exe
Process ID: 65764
PSVersion: 5.1.26100.9444
PSEdition: Desktop
PSCompatibleVersions: 1.0, 2.0, 3.0, 4.0, 5.0, 5.1.26100.9444
BuildVersion: 10.0.26100.9444
CLRVersion: 4.0.30319.42000
WSManStackVersion: 3.0
PSRemotingProtocolVersion: 2.3
SerializationVersion: 1.1.0.1
**********************
  [INFO]  transcript: C:\Users\steph\szl-typesafe-triage\logs\bake-20260920-181927.log

=== System diagnostics ===
  [INFO]  OS        : Microsoft Windows 11 Home build 26200
  [INFO]  PowerShell: 5.1.26100.9444
  [INFO]  CPU       : Intel(R) Core(TM) Ultra 9 285H (16 threads)
  [INFO]  RAM       : 31.6 GB
  [INFO]  Disk C:  : 31.9 GB free
  [INFO]  GPU       : NVIDIA GeForce RTX 5050 Laptop GPU
  [INFO]  VRAM      : 8151 MiB
  [INFO]  Driver    : 610.47
  [OK]    python 3.11, git present
  [INFO]  LongPathsEnabled: 1

=== Administrator operations ===
  [INFO]  execution policy already Undefined; unchanged
  [INFO]  long paths NOT changed (pass -EnableLongPaths to enable)
  [INFO]  no Defender exclusion (pass -AddDefenderExclusion if pip is slow)

=== Source ===
Already up to date.
  [OK]    pulled
  [OK]    HEAD 73289f2 - fix(bake): gates compared an ARRAY with -notmatch, so a perfect run was blocked

=== Python environment ===



  [OK]    szl_triage 0.4.0 installed

=== GATE 0 - test suite must be green ===
..................................uuuu.uuu..................................x..................................... [ 84%]
.............x......                                                                                               [100%]
125 passed, 2 xfailed, 7 subtests passed in 0.31s
  [OK]    suite green

=== Corpus ===
rows=328 splits={'eval': 66, 'train': 262}
states={'REVIEW': 133, 'MEASURED': 195}
labels={'REVIEW': 133, 'SUPPORT': 38, 'BUG': 40, 'BILLING': 39, 'FEATURE': 38, 'SECURITY': 40}
determinism verified; wrote output\triage_distill_v0.3.0.jsonl
  [OK]    328 rows, sha256 facf4ec36d634377...
  [WARN]  corpus does NOT yet contain doctrine-disposition cases; the student
  [WARN]  will learn a gate one commit out of date.

=== GATE 1 - oracle smoke test (CPU, ~1s) ===
    examples            66
    label exact         66/66 (100.0%)
    state exact         66/66 (100.0%)
    refusal fidelity    23/23 (100.0%)
    evidence grounded   129/129 (100.0%)
    malformed replies   0/66 (0.0%)

    FALSE LABEL ON REFUSAL: 0  (target 0)
  [OK]    harness verified against the engine

=== ML dependencies ===
  [WARN]  train_distill.py has NEVER been executed. Expect a version-specific
  [WARN]  SFTConfig / processing_class argument to need fixing on first run.
  [WARN]  Despite the name it is bf16 LoRA, NOT 4-bit QLoRA - bitsandbytes is
  [WARN]  deliberately omitted.


  [INFO]  torch 2.14.0+cu130 | device sm_120 | wheel arch list: sm_75 sm_80 sm_86 sm_90 sm_100 sm_120
  [OK]    torch 2.14.0+cu130, sm_120 present in the wheel

=== BAKE ===
train=262 eval=66
tokenizer_config.json: 100%|████████████████████████████████████████████████████████████████| 7.30k/7.30k [00:00<?, ?B/s]
vocab.json: 100%|███████████████████████████████████████████████████████████████████| 2.78M/2.78M [00:00<00:00, 7.05MB/s]
merges.txt: 100%|███████████████████████████████████████████████████████████████████| 1.67M/1.67M [00:00<00:00, 12.2MB/s]
tokenizer.json: 100%|███████████████████████████████████████████████████████████████| 7.03M/7.03M [00:00<00:00, 27.0MB/s]
[transformers] `torch_dtype` is deprecated! Use `dtype` instead!
model.safetensors: downloading bytes: ███████████████████████████████████████████████████████████████|  854MB, 4.47MB/s
model.safetensors: reconstructing file: 100%|███████████████████████████████████████████████|  988MB /  988MB, 40.5MB/s
Loading weights: 100%|████████████████████████████████████████████████████████████████| 290/290 [00:00<00:00, 599.61it/s]
generation_config.json: 100%|███████████████████████████████████████████████████████████████████| 242/242 [00:00<?, ?B/s]
Traceback (most recent call last):
  File "C:\Users\steph\szl-typesafe-triage\scripts\train_distill.py", line 124, in <module>
    main()
  File "C:\Users\steph\szl-typesafe-triage\scripts\train_distill.py", line 91, in main
    config = SFTConfig(
             ^^^^^^^^^^
TypeError: SFTConfig.__init__() got an unexpected keyword argument 'warmup_ratio'
  [STOP]  train_distill.py exited 1
**********************
Windows PowerShell transcript end
End time: 20260920182226
**********************
